// Jest Snapshot v1, https://goo.gl/fbAQLP

exports[`container <JobList /> should be same as snapshot 1`] = `
<JobList
  filter_jobs={Array []}
  getJobsRequest={[Function]}
  loading={false}
/>
`;
