// Jest Snapshot v1, https://goo.gl/fbAQLP

exports[`sum should be match snapshot 1`] = `3`;
